deploy 0x9d46623f976f28f62af5e0343d5414b47c14ba54bbaf0b8c163a587a78393bed
Traceback (most recent call last):
  File "/home/ubuntu/grantweave/scripts/live_smoke.py", line 163, in <module>
    run()
  File "/home/ubuntu/grantweave/scripts/live_smoke.py", line 77, in run
    receipt = wait(log["deploy_tx"])
              ^^^^^^^^^^^^^^^^^^^^^^
  File "/home/ubuntu/grantweave/scripts/live_smoke.py", line 40, in wait
    record = rpc("eth_getTransactionByHash", [tx])
             ^^^^^^^^^^^^^^^^^^^^^^^^^^^^^^^^^^^^^
  File "/home/ubuntu/grantweave/scripts/live_smoke.py", line 25, in rpc
    with urlopen(req, timeout=45) as response:
         ^^^^^^^^^^^^^^^^^^^^^^^^
  File "/usr/lib/python3.12/urllib/request.py", line 215, in urlopen
    return opener.open(url, data, timeout)
           ^^^^^^^^^^^^^^^^^^^^^^^^^^^^^^^
  File "/usr/lib/python3.12/urllib/request.py", line 521, in open
    response = meth(req, response)
               ^^^^^^^^^^^^^^^^^^^
  File "/usr/lib/python3.12/urllib/request.py", line 630, in http_response
    response = self.parent.error(
               ^^^^^^^^^^^^^^^^^^
  File "/usr/lib/python3.12/urllib/request.py", line 559, in error
    return self._call_chain(*args)
           ^^^^^^^^^^^^^^^^^^^^^^^
  File "/usr/lib/python3.12/urllib/request.py", line 492, in _call_chain
    result = func(*args)
             ^^^^^^^^^^^
  File "/usr/lib/python3.12/urllib/request.py", line 639, in http_error_default
    raise HTTPError(req.full_url, code, msg, hdrs, fp)
urllib.error.HTTPError: HTTP Error 403: Forbidden
