Traceback (most recent call last):
  File "<string>", line 1, in <module>
  File "/home/ubuntu/.hermes/hermes-agent/venv/lib/python3.11/site-packages/playwright/sync_api/_generated.py", line 9033, in wait_for_selector
    self._sync(
  File "/home/ubuntu/.hermes/hermes-agent/venv/lib/python3.11/site-packages/playwright/_impl/_sync_base.py", line 115, in _sync
    return task.result()
           ^^^^^^^^^^^^^
  File "/home/ubuntu/.hermes/hermes-agent/venv/lib/python3.11/site-packages/playwright/_impl/_page.py", line 427, in wait_for_selector
    return await self._main_frame.wait_for_selector(**locals_to_params(locals()))
           ^^^^^^^^^^^^^^^^^^^^^^^^^^^^^^^^^^^^^^^^^^^^^^^^^^^^^^^^^^^^^^^^^^^^^^
  File "/home/ubuntu/.hermes/hermes-agent/venv/lib/python3.11/site-packages/playwright/_impl/_frame.py", line 394, in wait_for_selector
    await self._channel.send(
  File "/home/ubuntu/.hermes/hermes-agent/venv/lib/python3.11/site-packages/playwright/_impl/_connection.py", line 76, in send
    return await self._connection.wrap_api_call(
           ^^^^^^^^^^^^^^^^^^^^^^^^^^^^^^^^^^^^^
  File "/home/ubuntu/.hermes/hermes-agent/venv/lib/python3.11/site-packages/playwright/_impl/_connection.py", line 632, in wrap_api_call
    raise rewrite_error(error, f"{parsed_st['apiName']}: {error}") from None
playwright._impl._errors.TimeoutError: Page.wait_for_selector: Timeout 30000ms exceeded.
Call log:
  - waiting for locator("#ledger .proposal:nth-child(5) pre") to be visible
    56 × locator resolved to hidden <pre>{↵  "citations": [↵    {↵      "quote": "We hope …</pre>

ORIGINAL_REJECTED_UI_EQUALS_CHAIN_PASS
